scp -r user@example.com:spatie.be/current/.env secondUser@example.com:.env